---
source: crates/ruff/src/rules/pycodestyle/mod.rs
expression: diagnostics
---
- kind:
    name: TabBeforeKeyword
    body: Tab before keyword
    suggestion: ~
    fixable: false
  location:
    row: 10
    column: 9
  end_location:
    row: 10
    column: 9
  fix: ~
  parent: ~
- kind:
    name: TabBeforeKeyword
    body: Tab before keyword
    suggestion: ~
    fixable: false
  location:
    row: 12
    column: 5
  end_location:
    row: 12
    column: 5
  fix: ~
  parent: ~
- kind:
    name: TabBeforeKeyword
    body: Tab before keyword
    suggestion: ~
    fixable: false
  location:
    row: 12
    column: 9
  end_location:
    row: 12
    column: 9
  fix: ~
  parent: ~
- kind:
    name: TabBeforeKeyword
    body: Tab before keyword
    suggestion: ~
    fixable: false
  location:
    row: 28
    column: 2
  end_location:
    row: 28
    column: 2
  fix: ~
  parent: ~
- kind:
    name: TabBeforeKeyword
    body: Tab before keyword
    suggestion: ~
    fixable: false
  location:
    row: 30
    column: 5
  end_location:
    row: 30
    column: 5
  fix: ~
  parent: ~
- kind:
    name: TabBeforeKeyword
    body: Tab before keyword
    suggestion: ~
    fixable: false
  location:
    row: 30
    column: 9
  end_location:
    row: 30
    column: 9
  fix: ~
  parent: ~

