---
source: crates/ruff/src/rules/pycodestyle/mod.rs
expression: diagnostics
---
- kind:
    name: MultipleSpacesAfterOperator
    body: Multiple spaces after operator
    suggestion: ~
    fixable: false
  location:
    row: 9
    column: 4
  end_location:
    row: 9
    column: 4
  fix: ~
  parent: ~
- kind:
    name: MultipleSpacesAfterOperator
    body: Multiple spaces after operator
    suggestion: ~
    fixable: false
  location:
    row: 10
    column: 4
  end_location:
    row: 10
    column: 4
  fix: ~
  parent: ~
- kind:
    name: MultipleSpacesAfterOperator
    body: Multiple spaces after operator
    suggestion: ~
    fixable: false
  location:
    row: 13
    column: 8
  end_location:
    row: 13
    column: 8
  fix: ~
  parent: ~
- kind:
    name: MultipleSpacesAfterOperator
    body: Multiple spaces after operator
    suggestion: ~
    fixable: false
  location:
    row: 15
    column: 8
  end_location:
    row: 15
    column: 8
  fix: ~
  parent: ~
- kind:
    name: MultipleSpacesAfterOperator
    body: Multiple spaces after operator
    suggestion: ~
    fixable: false
  location:
    row: 28
    column: 7
  end_location:
    row: 28
    column: 7
  fix: ~
  parent: ~
- kind:
    name: MultipleSpacesAfterOperator
    body: Multiple spaces after operator
    suggestion: ~
    fixable: false
  location:
    row: 31
    column: 3
  end_location:
    row: 31
    column: 3
  fix: ~
  parent: ~
- kind:
    name: MultipleSpacesAfterOperator
    body: Multiple spaces after operator
    suggestion: ~
    fixable: false
  location:
    row: 32
    column: 3
  end_location:
    row: 32
    column: 3
  fix: ~
  parent: ~
- kind:
    name: MultipleSpacesAfterOperator
    body: Multiple spaces after operator
    suggestion: ~
    fixable: false
  location:
    row: 35
    column: 6
  end_location:
    row: 35
    column: 6
  fix: ~
  parent: ~
- kind:
    name: MultipleSpacesAfterOperator
    body: Multiple spaces after operator
    suggestion: ~
    fixable: false
  location:
    row: 36
    column: 6
  end_location:
    row: 36
    column: 6
  fix: ~
  parent: ~
- kind:
    name: MultipleSpacesAfterOperator
    body: Multiple spaces after operator
    suggestion: ~
    fixable: false
  location:
    row: 168
    column: 17
  end_location:
    row: 168
    column: 17
  fix: ~
  parent: ~

